#-----------------------------------------------------------
# Vivado v2018.2 (64-bit)
# SW Build 2258646 on Thu Jun 14 20:03:12 MDT 2018
# IP Build 2256618 on Thu Jun 14 22:10:49 MDT 2018
# Start of session at: Sat Sep  7 22:45:36 2024
# Process ID: 17468
# Current directory: D:/Sem 7 Vidieos/Hardware Description Languages/FPGA based Systolic Array Multiplier
# Command line: vivado.exe -gui_launcher_event rodinguilauncherevent27184 D:\Sem 7 Vidieos\Hardware Description Languages\FPGA based Systolic Array Multiplier\Project.xpr
# Log file: D:/Sem 7 Vidieos/Hardware Description Languages/FPGA based Systolic Array Multiplier/vivado.log
# Journal file: D:/Sem 7 Vidieos/Hardware Description Languages/FPGA based Systolic Array Multiplier\vivado.jou
#-----------------------------------------------------------
start_gui
open_project {D:/Sem 7 Vidieos/Hardware Description Languages/FPGA based Systolic Array Multiplier/Project.xpr}
file mkdir D:/Sem 7 Vidieos/Hardware Description Languages/FPGA based Systolic Array Multiplier/Project.srcs/sources_1/new
file mkdir D:/Sem 7 Vidieos/Hardware Description Languages/FPGA based Systolic Array Multiplier/Project.srcs/sources_1/new
file mkdir D:/Sem 7 Vidieos/Hardware Description Languages/FPGA based Systolic Array Multiplier/Project.srcs/sources_1/new
file mkdir D:/Sem 7 Vidieos/Hardware Description Languages/FPGA based Systolic Array Multiplier/Project.srcs/sources_1/new
file mkdir D:/Sem 7 Vidieos/Hardware Description Languages/FPGA based Systolic Array Multiplier/Project.srcs/sources_1/new
file mkdir D:/Sem 7 Vidieos/Hardware Description Languages/FPGA based Systolic Array Multiplier/Project.srcs/sources_1/new
file mkdir {D:/Sem 7 Vidieos/Hardware Description Languages/FPGA based Systolic Array Multiplier/Project.srcs/sources_1/new}
close [ open {D:/Sem 7 Vidieos/Hardware Description Languages/FPGA based Systolic Array Multiplier/Project.srcs/sources_1/new/Systolic_Array_Multiplier.vhd} w ]
add_files {{D:/Sem 7 Vidieos/Hardware Description Languages/FPGA based Systolic Array Multiplier/Project.srcs/sources_1/new/Systolic_Array_Multiplier.vhd}}
update_compile_order -fileset sources_1
